graph: { title: "src/main_test.c"
node: { title: "run_unit_test" label: "run_unit_test\nsrc/main_test.c:6:6\n16 bytes (static)\n0 dynamic objects" }
node: { title: "run_list_test" label: "run_list_test\nsrc/main_test.c:3:6" shape : ellipse }
edge: { sourcename: "run_unit_test" targetname: "run_list_test" label: "src/main_test.c:8:2" }
node: { title: "run_tree_test" label: "run_tree_test\nsrc/main_test.c:2:6" shape : ellipse }
edge: { sourcename: "run_unit_test" targetname: "run_tree_test" label: "src/main_test.c:9:2" }
node: { title: "main" label: "main\nsrc/main_test.c:14:5\n16 bytes (static)\n0 dynamic objects" }
edge: { sourcename: "main" targetname: "run_list_test" label: "src/main_test.c:8:2" }
edge: { sourcename: "main" targetname: "run_tree_test" label: "src/main_test.c:9:2" }
}
